// Jest Snapshot v1, https://goo.gl/fbAQLP

exports[`<IDEConsole /> renders correctly 1`] = `
<div
  className="sc-bdVaJa khuGKK"
/>
`;
