// Jest Snapshot v1, https://goo.gl/fbAQLP

exports[`<IDEMenu /> renders correctly 1`] = `
<nav
  className="sc-bdVaJa hZrXC"
/>
`;
