// Jest Snapshot v1, https://goo.gl/fbAQLP

exports[`<GameMenu /> renders correctly 1`] = `
<nav
  className="sc-bdVaJa dHptmf"
/>
`;
