// Jest Snapshot v1, https://goo.gl/fbAQLP

exports[`<GameView /> renders correctly 1`] = `
<div
  className="sc-bdVaJa ekMTwZ"
/>
`;
